Copyright 1986-2022 Xilinx, Inc. All Rights Reserved. Copyright 2022-2024 Advanced Micro Devices, Inc. All Rights Reserved.
---------------------------------------------------------------------------------------------------------------------------------------------
| Tool Version : Vivado v.2024.1 (win64) Build 5076996 Wed May 22 18:37:14 MDT 2024
| Date         : Tue Dec  3 13:54:45 2024
| Host         : Macbook-SE-M16-Pepper running 64-bit major release  (build 9200)
| Command      : report_control_sets -verbose -file Display_system_control_sets_placed.rpt
| Design       : Display_system
| Device       : xc7a35t
---------------------------------------------------------------------------------------------------------------------------------------------

Control Set Information

Table of Contents
-----------------
1. Summary
2. Histogram
3. Flip-Flop Distribution
4. Detailed Control Set Information

1. Summary
----------

+----------------------------------------------------------+-------+
|                          Status                          | Count |
+----------------------------------------------------------+-------+
| Total control sets                                       |   146 |
|    Minimum number of control sets                        |   146 |
|    Addition due to synthesis replication                 |     0 |
|    Addition due to physical synthesis replication        |     0 |
| Unused register locations in slices containing registers |   188 |
+----------------------------------------------------------+-------+
* Control sets can be merged at opt_design using control_set_merge or merge_equivalent_drivers
** Run report_qor_suggestions for automated merging and remapping suggestions


2. Histogram
------------

+--------------------+-------+
|       Fanout       | Count |
+--------------------+-------+
| Total control sets |   146 |
| >= 0 to < 4        |     3 |
| >= 4 to < 6        |     1 |
| >= 6 to < 8        |   128 |
| >= 8 to < 10       |     2 |
| >= 10 to < 12      |     2 |
| >= 12 to < 14      |     3 |
| >= 14 to < 16      |     0 |
| >= 16              |     7 |
+--------------------+-------+
* Control sets can be remapped at either synth_design or opt_design


3. Flip-Flop Distribution
-------------------------

+--------------+-----------------------+------------------------+-----------------+--------------+
| Clock Enable | Synchronous Set/Reset | Asynchronous Set/Reset | Total Registers | Total Slices |
+--------------+-----------------------+------------------------+-----------------+--------------+
| No           | No                    | No                     |              20 |            9 |
| No           | No                    | Yes                    |              80 |           22 |
| No           | Yes                   | No                     |               0 |            0 |
| Yes          | No                    | No                     |              44 |           14 |
| Yes          | No                    | Yes                    |            1020 |          584 |
| Yes          | Yes                   | No                     |              16 |            4 |
+--------------+-----------------------+------------------------+-----------------+--------------+


4. Detailed Control Set Information
-----------------------------------

+---------------------------+------------------------------------------+--------------------------------------+------------------+----------------+--------------+
|        Clock Signal       |               Enable Signal              |           Set/Reset Signal           | Slice Load Count | Bel Load Count | Bels / Slice |
+---------------------------+------------------------------------------+--------------------------------------+------------------+----------------+--------------+
|  clk_IBUF_BUFG            |                                          |                                      |                1 |              1 |         1.00 |
|  trigger_in_d_reg_i_1_n_0 | tx_inst/tx_busy_reg_n_0                  | btnC_IBUF                            |                1 |              1 |         1.00 |
|  divClock_inst/CLK        |                                          |                                      |                1 |              2 |         2.00 |
|  trigger_in_d_reg_i_1_n_0 | rx_inst/bit_counter[3]_i_1__0_n_0        | btnC_IBUF                            |                1 |              4 |         4.00 |
|  clk_IBUF_BUFG            | at/memory/memory_array[0][4][6]_i_1_n_0  | btnC_IBUF                            |                7 |              7 |         1.00 |
|  clk_IBUF_BUFG            | at/memory/memory_array[0][21][6]_i_1_n_0 | btnC_IBUF                            |                7 |              7 |         1.00 |
|  clk_IBUF_BUFG            | at/memory/memory_array[0][26][6]_i_1_n_0 | btnC_IBUF                            |                7 |              7 |         1.00 |
|  clk_IBUF_BUFG            | at/memory/memory_array[0][25][6]_i_1_n_0 | btnC_IBUF                            |                6 |              7 |         1.17 |
|  clk_IBUF_BUFG            | at/memory/memory_array[0][23][6]_i_1_n_0 | btnC_IBUF                            |                7 |              7 |         1.00 |
|  clk_IBUF_BUFG            | at/memory/memory_array[0][22][6]_i_1_n_0 | btnC_IBUF                            |                5 |              7 |         1.40 |
|  clk_IBUF_BUFG            | at/memory/memory_array[0][20][6]_i_1_n_0 | btnC_IBUF                            |                6 |              7 |         1.17 |
|  clk_IBUF_BUFG            | at/memory/memory_array[0][24][6]_i_1_n_0 | btnC_IBUF                            |                6 |              7 |         1.17 |
|  clk_IBUF_BUFG            | at/memory/memory_array[0][2][6]_i_1_n_0  | btnC_IBUF                            |                5 |              7 |         1.40 |
|  clk_IBUF_BUFG            | at/memory/memory_array[0][27][6]_i_1_n_0 | btnC_IBUF                            |                6 |              7 |         1.17 |
|  clk_IBUF_BUFG            | at/memory/memory_array[0][29][6]_i_1_n_0 | btnC_IBUF                            |                7 |              7 |         1.00 |
|  clk_IBUF_BUFG            | at/memory/memory_array[0][28][6]_i_1_n_0 | btnC_IBUF                            |                6 |              7 |         1.17 |
|  clk_IBUF_BUFG            | at/memory/memory_array[0][31][6]_i_1_n_0 | btnC_IBUF                            |                6 |              7 |         1.17 |
|  clk_IBUF_BUFG            | at/memory/memory_array[0][5][6]_i_1_n_0  | btnC_IBUF                            |                6 |              7 |         1.17 |
|  clk_IBUF_BUFG            | at/memory/memory_array[1][27][6]_i_1_n_0 | btnC_IBUF                            |                6 |              7 |         1.17 |
|  clk_IBUF_BUFG            | at/memory/memory_array[0][6][6]_i_1_n_0  | btnC_IBUF                            |                5 |              7 |         1.40 |
|  clk_IBUF_BUFG            | at/memory/memory_array[0][3][6]_i_1_n_0  | btnC_IBUF                            |                6 |              7 |         1.17 |
|  clk_IBUF_BUFG            | at/memory/memory_array[1][11][6]_i_1_n_0 | btnC_IBUF                            |                5 |              7 |         1.40 |
|  clk_IBUF_BUFG            | at/memory/memory_array[1][12][6]_i_1_n_0 | btnC_IBUF                            |                3 |              7 |         2.33 |
|  clk_IBUF_BUFG            | at/memory/memory_array[0][7][6]_i_1_n_0  | btnC_IBUF                            |                5 |              7 |         1.40 |
|  clk_IBUF_BUFG            | at/memory/memory_array[0][8][6]_i_1_n_0  | btnC_IBUF                            |                6 |              7 |         1.17 |
|  clk_IBUF_BUFG            | at/memory/memory_array[0][9][6]_i_1_n_0  | btnC_IBUF                            |                5 |              7 |         1.40 |
|  clk_IBUF_BUFG            | at/memory/memory_array[1][0][6]_i_1_n_0  | btnC_IBUF                            |                4 |              7 |         1.75 |
|  clk_IBUF_BUFG            | at/memory/memory_array[1][10][6]_i_1_n_0 | btnC_IBUF                            |                3 |              7 |         2.33 |
|  clk_IBUF_BUFG            | at/memory/memory_array[1][15][6]_i_1_n_0 | btnC_IBUF                            |                4 |              7 |         1.75 |
|  clk_IBUF_BUFG            | at/memory/memory_array[1][17][6]_i_1_n_0 | btnC_IBUF                            |                5 |              7 |         1.40 |
|  clk_IBUF_BUFG            | at/memory/memory_array[1][1][6]_i_1_n_0  | btnC_IBUF                            |                5 |              7 |         1.40 |
|  clk_IBUF_BUFG            | at/memory/memory_array[1][16][6]_i_1_n_0 | btnC_IBUF                            |                2 |              7 |         3.50 |
|  clk_IBUF_BUFG            | at/memory/memory_array[1][13][6]_i_1_n_0 | btnC_IBUF                            |                4 |              7 |         1.75 |
|  clk_IBUF_BUFG            | at/memory/memory_array[1][14][6]_i_1_n_0 | btnC_IBUF                            |                5 |              7 |         1.40 |
|  clk_IBUF_BUFG            | at/memory/memory_array[1][18][6]_i_1_n_0 | btnC_IBUF                            |                6 |              7 |         1.17 |
|  clk_IBUF_BUFG            | at/memory/memory_array[1][19][6]_i_1_n_0 | btnC_IBUF                            |                5 |              7 |         1.40 |
|  clk_IBUF_BUFG            | at/memory/memory_array[0][30][6]_i_1_n_0 | btnC_IBUF                            |                6 |              7 |         1.17 |
|  clk_IBUF_BUFG            | at/memory/memory_array[1][21][6]_i_1_n_0 | btnC_IBUF                            |                5 |              7 |         1.40 |
|  clk_IBUF_BUFG            | at/memory/memory_array[1][22][6]_i_1_n_0 | btnC_IBUF                            |                4 |              7 |         1.75 |
|  clk_IBUF_BUFG            | at/memory/memory_array[1][25][6]_i_1_n_0 | btnC_IBUF                            |                5 |              7 |         1.40 |
|  clk_IBUF_BUFG            | at/memory/memory_array[1][23][6]_i_1_n_0 | btnC_IBUF                            |                4 |              7 |         1.75 |
|  clk_IBUF_BUFG            | at/memory/memory_array[1][26][6]_i_1_n_0 | btnC_IBUF                            |                4 |              7 |         1.75 |
|  clk_IBUF_BUFG            | at/memory/memory_array[1][20][6]_i_1_n_0 | btnC_IBUF                            |                5 |              7 |         1.40 |
|  clk_IBUF_BUFG            | at/memory/memory_array[1][24][6]_i_1_n_0 | btnC_IBUF                            |                4 |              7 |         1.75 |
|  clk_IBUF_BUFG            | at/memory/memory_array[1][29][6]_i_1_n_0 | btnC_IBUF                            |                5 |              7 |         1.40 |
|  clk_IBUF_BUFG            | at/memory/memory_array[1][28][6]_i_1_n_0 | btnC_IBUF                            |                4 |              7 |         1.75 |
|  clk_IBUF_BUFG            | at/memory/memory_array[1][30][6]_i_1_n_0 | btnC_IBUF                            |                6 |              7 |         1.17 |
|  clk_IBUF_BUFG            | at/memory/memory_array[1][2][6]_i_1_n_0  | btnC_IBUF                            |                4 |              7 |         1.75 |
|  clk_IBUF_BUFG            | at/memory/memory_array[1][31][6]_i_1_n_0 | btnC_IBUF                            |                4 |              7 |         1.75 |
|  clk_IBUF_BUFG            | at/memory/memory_array[1][8][6]_i_1_n_0  | btnC_IBUF                            |                4 |              7 |         1.75 |
|  clk_IBUF_BUFG            | at/memory/memory_array[1][9][6]_i_1_n_0  | btnC_IBUF                            |                3 |              7 |         2.33 |
|  clk_IBUF_BUFG            | at/memory/memory_array[1][3][6]_i_1_n_0  | btnC_IBUF                            |                4 |              7 |         1.75 |
|  clk_IBUF_BUFG            | at/memory/memory_array[1][5][6]_i_1_n_0  | btnC_IBUF                            |                4 |              7 |         1.75 |
|  clk_IBUF_BUFG            | at/memory/memory_array[1][7][6]_i_1_n_0  | btnC_IBUF                            |                3 |              7 |         2.33 |
|  clk_IBUF_BUFG            | at/memory/memory_array[1][4][6]_i_1_n_0  | btnC_IBUF                            |                4 |              7 |         1.75 |
|  clk_IBUF_BUFG            | at/memory/memory_array[1][6][6]_i_1_n_0  | btnC_IBUF                            |                5 |              7 |         1.40 |
|  clk_IBUF_BUFG            | at/memory/memory_array[2][13][6]_i_1_n_0 | btnC_IBUF                            |                3 |              7 |         2.33 |
|  clk_IBUF_BUFG            | at/memory/memory_array[2][11][6]_i_1_n_0 | btnC_IBUF                            |                4 |              7 |         1.75 |
|  clk_IBUF_BUFG            | at/memory/memory_array[2][15][6]_i_1_n_0 | btnC_IBUF                            |                6 |              7 |         1.17 |
|  clk_IBUF_BUFG            | at/memory/memory_array[2][10][6]_i_1_n_0 | btnC_IBUF                            |                4 |              7 |         1.75 |
|  clk_IBUF_BUFG            | at/memory/memory_array[2][0][6]_i_1_n_0  | btnC_IBUF                            |                5 |              7 |         1.40 |
|  clk_IBUF_BUFG            | at/memory/memory_array[2][12][6]_i_1_n_0 | btnC_IBUF                            |                3 |              7 |         2.33 |
|  clk_IBUF_BUFG            | at/memory/memory_array[2][14][6]_i_1_n_0 | btnC_IBUF                            |                3 |              7 |         2.33 |
|  clk_IBUF_BUFG            | at/memory/memory_array[2][16][6]_i_1_n_0 | btnC_IBUF                            |                4 |              7 |         1.75 |
|  clk_IBUF_BUFG            | at/memory/memory_array[2][1][6]_i_1_n_0  | btnC_IBUF                            |                5 |              7 |         1.40 |
|  clk_IBUF_BUFG            | at/memory/memory_array[2][23][6]_i_1_n_0 | btnC_IBUF                            |                4 |              7 |         1.75 |
|  clk_IBUF_BUFG            | at/memory/memory_array[2][18][6]_i_1_n_0 | btnC_IBUF                            |                4 |              7 |         1.75 |
|  clk_IBUF_BUFG            | at/memory/memory_array[2][20][6]_i_1_n_0 | btnC_IBUF                            |                4 |              7 |         1.75 |
|  clk_IBUF_BUFG            | at/memory/memory_array[2][21][6]_i_1_n_0 | btnC_IBUF                            |                4 |              7 |         1.75 |
|  clk_IBUF_BUFG            | at/memory/memory_array[2][22][6]_i_1_n_0 | btnC_IBUF                            |                4 |              7 |         1.75 |
|  clk_IBUF_BUFG            | at/memory/memory_array[2][19][6]_i_1_n_0 | btnC_IBUF                            |                7 |              7 |         1.00 |
|  clk_IBUF_BUFG            | at/memory/memory_array[2][17][6]_i_1_n_0 | btnC_IBUF                            |                4 |              7 |         1.75 |
|  clk_IBUF_BUFG            | at/memory/memory_array[2][24][6]_i_1_n_0 | btnC_IBUF                            |                4 |              7 |         1.75 |
|  clk_IBUF_BUFG            | at/memory/memory_array[2][2][6]_i_1_n_0  | btnC_IBUF                            |                5 |              7 |         1.40 |
|  clk_IBUF_BUFG            | at/memory/memory_array[2][28][6]_i_1_n_0 | btnC_IBUF                            |                4 |              7 |         1.75 |
|  clk_IBUF_BUFG            | at/memory/memory_array[2][26][6]_i_1_n_0 | btnC_IBUF                            |                3 |              7 |         2.33 |
|  clk_IBUF_BUFG            | at/memory/memory_array[2][27][6]_i_1_n_0 | btnC_IBUF                            |                7 |              7 |         1.00 |
|  clk_IBUF_BUFG            | at/memory/memory_array[2][25][6]_i_1_n_0 | btnC_IBUF                            |                4 |              7 |         1.75 |
|  clk_IBUF_BUFG            | at/memory/memory_array[2][29][6]_i_1_n_0 | btnC_IBUF                            |                4 |              7 |         1.75 |
|  clk_IBUF_BUFG            | at/memory/memory_array[2][30][6]_i_1_n_0 | btnC_IBUF                            |                6 |              7 |         1.17 |
|  clk_IBUF_BUFG            | at/memory/memory_array[2][6][6]_i_1_n_0  | btnC_IBUF                            |                4 |              7 |         1.75 |
|  clk_IBUF_BUFG            | at/memory/memory_array[2][31][6]_i_1_n_0 | btnC_IBUF                            |                4 |              7 |         1.75 |
|  clk_IBUF_BUFG            | at/memory/memory_array[2][8][6]_i_1_n_0  | btnC_IBUF                            |                4 |              7 |         1.75 |
|  clk_IBUF_BUFG            | at/memory/memory_array[3][0][6]_i_1_n_0  | btnC_IBUF                            |                1 |              7 |         7.00 |
|  clk_IBUF_BUFG            | at/memory/memory_array[3][11][6]_i_1_n_0 | btnC_IBUF                            |                3 |              7 |         2.33 |
|  clk_IBUF_BUFG            | at/memory/memory_array[2][5][6]_i_1_n_0  | btnC_IBUF                            |                4 |              7 |         1.75 |
|  clk_IBUF_BUFG            | at/memory/memory_array[2][7][6]_i_1_n_0  | btnC_IBUF                            |                4 |              7 |         1.75 |
|  clk_IBUF_BUFG            | at/memory/memory_array[2][3][6]_i_1_n_0  | btnC_IBUF                            |                4 |              7 |         1.75 |
|  clk_IBUF_BUFG            | at/memory/memory_array[2][4][6]_i_1_n_0  | btnC_IBUF                            |                5 |              7 |         1.40 |
|  clk_IBUF_BUFG            | at/memory/memory_array[2][9][6]_i_1_n_0  | btnC_IBUF                            |                3 |              7 |         2.33 |
|  clk_IBUF_BUFG            | at/memory/memory_array[3][10][6]_i_1_n_0 | btnC_IBUF                            |                3 |              7 |         2.33 |
|  clk_IBUF_BUFG            | at/memory/memory_array[3][19][6]_i_1_n_0 | btnC_IBUF                            |                4 |              7 |         1.75 |
|  clk_IBUF_BUFG            | at/memory/memory_array[3][27][6]_i_1_n_0 | btnC_IBUF                            |                2 |              7 |         3.50 |
|  clk_IBUF_BUFG            | at/memory/memory_array[3][21][6]_i_1_n_0 | btnC_IBUF                            |                2 |              7 |         3.50 |
|  clk_IBUF_BUFG            | at/memory/memory_array[3][5][6]_i_1_n_0  | btnC_IBUF                            |                2 |              7 |         3.50 |
|  clk_IBUF_BUFG            | at/memory/memory_array[3][16][6]_i_1_n_0 | btnC_IBUF                            |                2 |              7 |         3.50 |
|  clk_IBUF_BUFG            | at/memory/memory_array[3][22][6]_i_1_n_0 | btnC_IBUF                            |                3 |              7 |         2.33 |
|  clk_IBUF_BUFG            | at/memory/memory_array[3][17][6]_i_1_n_0 | btnC_IBUF                            |                3 |              7 |         2.33 |
|  clk_IBUF_BUFG            | at/memory/memory_array[3][12][6]_i_1_n_0 | btnC_IBUF                            |                2 |              7 |         3.50 |
|  clk_IBUF_BUFG            | at/memory/memory_array[3][25][6]_i_1_n_0 | btnC_IBUF                            |                3 |              7 |         2.33 |
|  clk_IBUF_BUFG            | at/memory/memory_array[3][2][6]_i_1_n_0  | btnC_IBUF                            |                4 |              7 |         1.75 |
|  clk_IBUF_BUFG            | at/memory/memory_array[3][31][6]_i_1_n_0 | btnC_IBUF                            |                3 |              7 |         2.33 |
|  clk_IBUF_BUFG            | at/memory/memory_array[3][28][6]_i_1_n_0 | btnC_IBUF                            |                3 |              7 |         2.33 |
|  clk_IBUF_BUFG            | at/memory/memory_array[3][13][6]_i_1_n_0 | btnC_IBUF                            |                3 |              7 |         2.33 |
|  clk_IBUF_BUFG            | at/memory/memory_array[3][14][6]_i_1_n_0 | btnC_IBUF                            |                2 |              7 |         3.50 |
|  clk_IBUF_BUFG            | at/memory/memory_array[3][15][6]_i_1_n_0 | btnC_IBUF                            |                2 |              7 |         3.50 |
|  clk_IBUF_BUFG            | at/memory/memory_array[3][20][6]_i_1_n_0 | btnC_IBUF                            |                3 |              7 |         2.33 |
|  clk_IBUF_BUFG            | at/memory/memory_array[3][1][6]_i_1_n_0  | btnC_IBUF                            |                2 |              7 |         3.50 |
|  clk_IBUF_BUFG            | at/memory/memory_array[3][3][6]_i_1_n_0  | btnC_IBUF                            |                2 |              7 |         3.50 |
|  clk_IBUF_BUFG            | at/memory/memory_array[3][24][6]_i_1_n_0 | btnC_IBUF                            |                1 |              7 |         7.00 |
|  clk_IBUF_BUFG            | at/memory/memory_array[3][18][6]_i_1_n_0 | btnC_IBUF                            |                3 |              7 |         2.33 |
|  clk_IBUF_BUFG            | at/memory/memory_array[3][30][6]_i_1_n_0 | btnC_IBUF                            |                6 |              7 |         1.17 |
|  clk_IBUF_BUFG            | at/memory/memory_array[3][8][6]_i_1_n_0  | btnC_IBUF                            |                2 |              7 |         3.50 |
|  clk_IBUF_BUFG            | at/memory/memory_array[3][23][6]_i_1_n_0 | btnC_IBUF                            |                2 |              7 |         3.50 |
|  clk_IBUF_BUFG            | at/memory/memory_array[3][4][6]_i_1_n_0  | btnC_IBUF                            |                4 |              7 |         1.75 |
|  clk_IBUF_BUFG            | at/memory/memory_array[3][6][6]_i_1_n_0  | btnC_IBUF                            |                2 |              7 |         3.50 |
|  clk_IBUF_BUFG            | at/memory/memory_array[3][9][6]_i_1_n_0  | btnC_IBUF                            |                2 |              7 |         3.50 |
|  clk_IBUF_BUFG            | at/memory/memory_array[3][29][6]_i_1_n_0 | btnC_IBUF                            |                2 |              7 |         3.50 |
|  clk_IBUF_BUFG            | at/memory/memory_array[3][26][6]_i_1_n_0 | btnC_IBUF                            |                3 |              7 |         2.33 |
|  clk_IBUF_BUFG            | at/memory/memory_array[3][7][6]_i_1_n_0  | btnC_IBUF                            |                2 |              7 |         3.50 |
|  clk_IBUF_BUFG            | at/memory/memory_array[0][15][6]_i_1_n_0 | btnC_IBUF                            |                5 |              7 |         1.40 |
|  clk_IBUF_BUFG            | at/memory/memory_array[0][14][6]_i_1_n_0 | btnC_IBUF                            |                5 |              7 |         1.40 |
|  clk_IBUF_BUFG            | at/memory/memory_array[0][12][6]_i_1_n_0 | btnC_IBUF                            |                7 |              7 |         1.00 |
|  clk_IBUF_BUFG            | at/memory/memory_array[0][10][6]_i_1_n_0 | btnC_IBUF                            |                6 |              7 |         1.17 |
|  clk_IBUF_BUFG            | at/memory/memory_array[0][13][6]_i_1_n_0 | btnC_IBUF                            |                5 |              7 |         1.40 |
|  clk_IBUF_BUFG            | at/memory/memory_array[0][11][6]_i_1_n_0 | btnC_IBUF                            |                5 |              7 |         1.40 |
|  clk_IBUF_BUFG            | at/memory/memory_array[0][0][6]_i_1_n_0  | btnC_IBUF                            |                7 |              7 |         1.00 |
|  clk_IBUF_BUFG            | at/memory/memory_array[0][19][6]_i_1_n_0 | btnC_IBUF                            |                5 |              7 |         1.40 |
|  clk_IBUF_BUFG            | at/memory/memory_array[0][16][6]_i_1_n_0 | btnC_IBUF                            |                6 |              7 |         1.17 |
|  clk_IBUF_BUFG            | at/memory/memory_array[0][1][6]_i_1_n_0  | btnC_IBUF                            |                4 |              7 |         1.75 |
|  clk_IBUF_BUFG            | at/memory/memory_array[0][17][6]_i_1_n_0 | btnC_IBUF                            |                6 |              7 |         1.17 |
|  clk_IBUF_BUFG            | at/memory/memory_array[0][18][6]_i_1_n_0 | btnC_IBUF                            |                6 |              7 |         1.17 |
|  trigger_in_d_reg_i_1_n_0 | single_pulse_inst/E[0]                   |                                      |                4 |              8 |         2.00 |
|  trigger_in_d_reg_i_1_n_0 | rx_inst/rx_shift_reg[7]_i_1_n_0          | btnC_IBUF                            |                1 |              8 |         8.00 |
|  vga/E[0]                 | vga/v_count_next_1                       | btnC_IBUF                            |                2 |             10 |         5.00 |
|  vga/E[0]                 |                                          | btnC_IBUF                            |                2 |             10 |         5.00 |
|  trigger_in_d_reg_i_1_n_0 |                                          | btnC_IBUF                            |                4 |             12 |         3.00 |
|  clk_IBUF_BUFG            | vga/E[0]                                 |                                      |                4 |             12 |         3.00 |
|  trigger_in_d_reg_i_1_n_0 | tx_inst/tx_shift_reg                     | btnC_IBUF                            |                7 |             13 |         1.86 |
|  trigger_in_d_reg_i_1_n_0 | single_pulse_inst/rx_ready_singlepulser  | single_pulse_inst2/btnU_singlepulser |                4 |             16 |         4.00 |
|  trigger_in_d_reg_i_1_n_0 |                                          |                                      |                7 |             17 |         2.43 |
|  trigger_in_d_reg_i_1_n_0 | rx_inst/utf8_buffer[23]_i_1_n_0          | btnC_IBUF                            |                6 |             24 |         4.00 |
|  trigger_in_d_reg_i_1_n_0 | rx_inst/rx_data[23]_i_1_n_0              |                                      |                6 |             24 |         4.00 |
|  clk_IBUF_BUFG            | at/memory/row[31]_i_1_n_0                | btnC_IBUF                            |               10 |             32 |         3.20 |
|  clk_IBUF_BUFG            | at/memory/col[31]_i_1_n_0                | btnC_IBUF                            |               11 |             32 |         2.91 |
|  clk_IBUF_BUFG            |                                          | btnC_IBUF                            |               16 |             58 |         3.62 |
+---------------------------+------------------------------------------+--------------------------------------+------------------+----------------+--------------+


